D:\programming\workspace\minecraft_plugins\kitpvp\src\main\java\plugin\database\ConnectionInfo.java
D:\programming\workspace\minecraft_plugins\kitpvp\src\main\java\plugin\database\Database.java
D:\programming\workspace\minecraft_plugins\kitpvp\src\main\java\plugin\database\GameSpawnPositionTable.java
D:\programming\workspace\minecraft_plugins\kitpvp\src\main\java\plugin\database\LobbySpawnPositionTable.java
D:\programming\workspace\minecraft_plugins\kitpvp\src\main\java\plugin\database\ScoreTable.java
D:\programming\workspace\minecraft_plugins\kitpvp\src\main\java\plugin\database\entities\ScoreStat.java
D:\programming\workspace\minecraft_plugins\kitpvp\src\main\java\plugin\database\entities\SpawnPosition.java
D:\programming\workspace\minecraft_plugins\kitpvp\src\main\java\plugin\kitpvp\EventListener.java
D:\programming\workspace\minecraft_plugins\kitpvp\src\main\java\plugin\kitpvp\KitController.java
D:\programming\workspace\minecraft_plugins\kitpvp\src\main\java\plugin\kitpvp\KitGUI.java
D:\programming\workspace\minecraft_plugins\kitpvp\src\main\java\plugin\kitpvp\KitPvP.java
D:\programming\workspace\minecraft_plugins\kitpvp\src\main\java\plugin\kitpvp\KitScoreboard.java
D:\programming\workspace\minecraft_plugins\kitpvp\src\main\java\plugin\kitpvp\ScoreboardBuilder.java
D:\programming\workspace\minecraft_plugins\kitpvp\src\main\java\plugin\kitpvp\SignListener.java
